Copyright 1986-2022 Xilinx, Inc. All Rights Reserved.
-------------------------------------------------------------------------------------
| Tool Version : Vivado v.2022.2 (lin64) Build 3671981 Fri Oct 14 04:59:54 MDT 2022
| Date         : Wed May 24 20:27:17 2023
| Host         : jordi-5600G running 64-bit Ubuntu 22.04.2 LTS
| Command      : report_control_sets -verbose -file pong_top_control_sets_placed.rpt
| Design       : pong_top
| Device       : xc7a100t
-------------------------------------------------------------------------------------

Control Set Information

Table of Contents
-----------------
1. Summary
2. Histogram
3. Flip-Flop Distribution
4. Detailed Control Set Information

1. Summary
----------

+----------------------------------------------------------+-------+
|                          Status                          | Count |
+----------------------------------------------------------+-------+
| Total control sets                                       |     9 |
|    Minimum number of control sets                        |     9 |
|    Addition due to synthesis replication                 |     0 |
|    Addition due to physical synthesis replication        |     0 |
| Unused register locations in slices containing registers |    37 |
+----------------------------------------------------------+-------+
* Control sets can be merged at opt_design using control_set_merge or merge_equivalent_drivers
** Run report_qor_suggestions for automated merging and remapping suggestions


2. Histogram
------------

+--------------------+-------+
|       Fanout       | Count |
+--------------------+-------+
| Total control sets |     9 |
| >= 0 to < 4        |     0 |
| >= 4 to < 6        |     2 |
| >= 6 to < 8        |     1 |
| >= 8 to < 10       |     0 |
| >= 10 to < 12      |     3 |
| >= 12 to < 14      |     1 |
| >= 14 to < 16      |     0 |
| >= 16              |     2 |
+--------------------+-------+
* Control sets can be remapped at either synth_design or opt_design


3. Flip-Flop Distribution
-------------------------

+--------------+-----------------------+------------------------+-----------------+--------------+
| Clock Enable | Synchronous Set/Reset | Asynchronous Set/Reset | Total Registers | Total Slices |
+--------------+-----------------------+------------------------+-----------------+--------------+
| No           | No                    | No                     |               0 |            0 |
| No           | No                    | Yes                    |              40 |           23 |
| No           | Yes                   | No                     |               0 |            0 |
| Yes          | No                    | No                     |               0 |            0 |
| Yes          | No                    | Yes                    |              67 |           25 |
| Yes          | Yes                   | No                     |               0 |            0 |
+--------------+-----------------------+------------------------+-----------------+--------------+


4. Detailed Control Set Information
-----------------------------------

+-------------------------------+---------------------------------------------+------------------+------------------+----------------+--------------+
|          Clock Signal         |                Enable Signal                | Set/Reset Signal | Slice Load Count | Bel Load Count | Bels / Slice |
+-------------------------------+---------------------------------------------+------------------+------------------+----------------+--------------+
|  instance_name/inst/clk_out1  | graph_unit/E[0]                             | vga_unit/AR[0]   |                1 |              4 |         4.00 |
|  instance_name/inst/clk_out1  | counter_unit/r_dig1[3]_i_1_n_0              | vga_unit/AR[0]   |                1 |              4 |         4.00 |
|  instance_name/inst/clk_out1  | vga_unit/E[0]                               | vga_unit/AR[0]   |                3 |              7 |         2.33 |
|  instance_name/inst/clk_out1  | graph_unit/y_pad_next                       | vga_unit/AR[0]   |                4 |             10 |         2.50 |
|  vga_unit/r_25MHz_reg[1]_0[0] |                                             | vga_unit/AR[0]   |                4 |             10 |         2.50 |
|  vga_unit/r_25MHz_reg[1]_0[0] | vga_unit/v_count_next_1                     | vga_unit/AR[0]   |                5 |             10 |         2.00 |
|  instance_name/inst/clk_out1  | vga_unit/r_25MHz_reg[1]_0[0]                | vga_unit/AR[0]   |                4 |             12 |         3.00 |
|  instance_name/inst/clk_out1  | vga_unit/FSM_sequential_state_reg_reg[1][0] | vga_unit/AR[0]   |                7 |             20 |         2.86 |
|  instance_name/inst/clk_out1  |                                             | vga_unit/AR[0]   |               19 |             30 |         1.58 |
+-------------------------------+---------------------------------------------+------------------+------------------+----------------+--------------+


